// Jest Snapshot v1, https://goo.gl/fbAQLP

exports[`Button should match with snapshot 1`] = `
<div>
  <button
    class="MuiButtonBase-root MuiButton-root MuiButton-text makeStyles-root-1 makeStyles-root-2"
    tabindex="0"
    type="button"
  >
    <span
      class="MuiButton-label"
    >
      teste
    </span>
    <span
      class="MuiTouchRipple-root"
    />
  </button>
</div>
`;
